#
# There is insufficient memory for the Java Runtime Environment to continue.
# Native memory allocation (mmap) failed to map 197132288 bytes for G1 virtual space
# Possible reasons:
#   The system is out of physical RAM or swap space
#   The process is running with CompressedOops enabled, and the Java Heap may be blocking the growth of the native heap
# Possible solutions:
#   Reduce memory load on the system
#   Increase physical memory or swap space
#   Check if swap backing store is full
#   Decrease Java heap size (-Xmx/-Xms)
#   Decrease number of Java threads
#   Decrease Java thread stack sizes (-Xss)
#   Set larger code cache with -XX:ReservedCodeCacheSize=
#   JVM is running with Zero Based Compressed Oops mode in which the Java heap is
#     placed in the first 32GB address space. The Java Heap base address is the
#     maximum limit for the native heap growth. Please use -XX:HeapBaseMinAddress
#     to set the Java Heap base and to place the Java Heap above 32GB virtual address.
# This output file may be truncated or incomplete.
#
#  Out of Memory Error (os_windows.cpp:3551), pid=13180, tid=5168
#
# JRE version:  (17.0.15+9) (build )
# Java VM: Java HotSpot(TM) 64-Bit Server VM (17.0.15+9-LTS-241, mixed mode, emulated-client, sharing, tiered, compressed oops, compressed class ptrs, g1 gc, windows-amd64)
# No core dump will be written. Minidumps are not enabled by default on client versions of Windows
#

---------------  S U M M A R Y ------------

Command Line: -XX:TieredStopAtLevel=1 com.pharmacy.chatbot_service.ChatbotServiceApplication

Host: 11th Gen Intel(R) Core(TM) i5-1135G7 @ 2.40GHz, 8 cores, 11G,  Windows 11 , 64 bit Build 26100 (10.0.26100.8328)
Time: Sat May  9 14:52:16 2026 SE Asia Standard Time elapsed time: 0.418387 seconds (0d 0h 0m 0s)

---------------  T H R E A D  ---------------

Current thread (0x00000240b894e9d0):  JavaThread "Unknown thread" [_thread_in_vm, id=5168, stack(0x0000007c97500000,0x0000007c97600000)]

Stack: [0x0000007c97500000,0x0000007c97600000]
Native frames: (J=compiled Java code, j=interpreted, Vv=VM code, C=native code)
V  [jvm.dll+0x67a46a]
V  [jvm.dll+0x7da6ad]
V  [jvm.dll+0x7dbff3]
V  [jvm.dll+0x7dc663]
V  [jvm.dll+0x24523f]
V  [jvm.dll+0x677499]
V  [jvm.dll+0x66c122]
V  [jvm.dll+0x302156]
V  [jvm.dll+0x3096f6]
V  [jvm.dll+0x35a04e]
V  [jvm.dll+0x35a27f]
V  [jvm.dll+0x2d9228]
V  [jvm.dll+0x2da194]
V  [jvm.dll+0x7ace91]
V  [jvm.dll+0x3678b1]
V  [jvm.dll+0x78be69]
V  [jvm.dll+0x3ecc6e]
V  [jvm.dll+0x3ee8a1]
C  [jli.dll+0x5297]
C  [ucrtbase.dll+0x37b0]
C  [KERNEL32.DLL+0x2e957]
C  [ntdll.dll+0x427c]


---------------  P R O C E S S  ---------------

Threads class SMR info:
_java_thread_list=0x00007fffc9c18a18, length=0, elements={
}

Java Threads: ( => current thread )

Other Threads:
  0x00000240b89a9fd0 GCTaskThread "GC Thread#0" [stack: 0x0000007c97600000,0x0000007c97700000] [id=6216]
  0x00000240b89b6a60 ConcurrentGCThread "G1 Main Marker" [stack: 0x0000007c97700000,0x0000007c97800000] [id=9900]
  0x00000240b89b7470 ConcurrentGCThread "G1 Conc#0" [stack: 0x0000007c97800000,0x0000007c97900000] [id=17024]

[error occurred during error reporting (printing all threads), id 0xc0000005, EXCEPTION_ACCESS_VIOLATION (0xc0000005) at pc=0x00007fffc9449d17]

VM state: not at safepoint (not fully initialized)

VM Mutex/Monitor currently owned by a thread:  ([mutex/lock_event])
[0x00000240b894be70] Heap_lock - owner thread: 0x00000240b894e9d0

Heap address: 0x0000000744c00000, size: 2996 MB, Compressed Oops mode: Zero based, Oop shift amount: 3

CDS archive(s) mapped at: [0x0000000000000000-0x0000000000000000-0x0000000000000000), size 0, SharedBaseAddress: 0x0000000800000000, ArchiveRelocationMode: 1.
Narrow klass base: 0x0000000000000000, Narrow klass shift: 0, Narrow klass range: 0x0

GC Precious Log:
<Empty>

Heap:
 garbage-first heap   total 0K, used 0K [0x0000000744c00000, 0x0000000800000000)
  region size 2048K, 0 young (0K), 0 survivors (0K)

[error occurred during error reporting (printing heap information), id 0xc0000005, EXCEPTION_ACCESS_VIOLATION (0xc0000005) at pc=0x00007fffc9833c09]

GC Heap History (0 events):
No events

Deoptimization events (0 events):
No events

Classes unloaded (0 events):
No events

Classes redefined (0 events):
No events

Internal exceptions (0 events):
No events

VM Operations (0 events):
No events

Events (1 events):
Event: 0.037 Loaded shared library C:\Program Files\Java\jdk-17\bin\java.dll


Dynamic libraries:
0x00007ff697430000 - 0x00007ff697440000 	C:\Program Files\Java\jdk-17\bin\java.exe
0x00007ff874c20000 - 0x00007ff874e87000 	C:\WINDOWS\SYSTEM32\ntdll.dll
0x00007ff873c90000 - 0x00007ff873d59000 	C:\WINDOWS\System32\KERNEL32.DLL
0x00007ff871650000 - 0x00007ff871a47000 	C:\WINDOWS\System32\KERNELBASE.dll
0x00007ff872850000 - 0x00007ff87299b000 	C:\WINDOWS\System32\ucrtbase.dll
0x00007ff840160000 - 0x00007ff840179000 	C:\Program Files\Java\jdk-17\bin\jli.dll
0x00007ff874840000 - 0x00007ff8748f6000 	C:\WINDOWS\System32\ADVAPI32.dll
0x00007ff873e90000 - 0x00007ff873f39000 	C:\WINDOWS\System32\msvcrt.dll
0x00007ff83f770000 - 0x00007ff83f78b000 	C:\Program Files\Java\jdk-17\bin\VCRUNTIME140.dll
0x00007ff873750000 - 0x00007ff8737f7000 	C:\WINDOWS\System32\sechost.dll
0x00007ff874940000 - 0x00007ff874a58000 	C:\WINDOWS\System32\RPCRT4.dll
0x00007ff8731d0000 - 0x00007ff873396000 	C:\WINDOWS\System32\USER32.dll
0x00007ff871ae0000 - 0x00007ff871b07000 	C:\WINDOWS\System32\win32u.dll
0x00007ff874030000 - 0x00007ff87405b000 	C:\WINDOWS\System32\GDI32.dll
0x00007ff872380000 - 0x00007ff8724ac000 	C:\WINDOWS\System32\gdi32full.dll
0x00007ff872560000 - 0x00007ff872603000 	C:\WINDOWS\System32\msvcp_win.dll
0x00007ff859ff0000 - 0x00007ff85a282000 	C:\WINDOWS\WinSxS\amd64_microsoft.windows.common-controls_6595b64144ccf1df_6.0.26100.8328_none_3e08182ce334b678\COMCTL32.dll
0x00007ff865760000 - 0x00007ff86576b000 	C:\WINDOWS\SYSTEM32\VERSION.dll
0x00007ff8729a0000 - 0x00007ff8729d2000 	C:\WINDOWS\System32\IMM32.DLL
0x00007ff854b10000 - 0x00007ff854b1c000 	C:\Program Files\Java\jdk-17\bin\vcruntime140_1.dll
0x00007ffff4830000 - 0x00007ffff48be000 	C:\Program Files\Java\jdk-17\bin\msvcp140.dll
0x00007fffc9160000 - 0x00007fffc9d41000 	C:\Program Files\Java\jdk-17\bin\server\jvm.dll
0x00007ff874900000 - 0x00007ff874908000 	C:\WINDOWS\System32\PSAPI.DLL
0x00007ff868790000 - 0x00007ff8687c6000 	C:\WINDOWS\SYSTEM32\WINMM.dll
0x00007ff84e570000 - 0x00007ff84e57a000 	C:\WINDOWS\SYSTEM32\WSOCK32.dll
0x00007ff873e00000 - 0x00007ff873e80000 	C:\WINDOWS\System32\WS2_32.dll
0x00007ff8703e0000 - 0x00007ff8703fb000 	C:\WINDOWS\SYSTEM32\kernel.appcore.dll
0x00007ff84e4c0000 - 0x00007ff84e4ca000 	C:\Program Files\Java\jdk-17\bin\jimage.dll
0x00007ff86f400000 - 0x00007ff86f642000 	C:\WINDOWS\SYSTEM32\DBGHELP.DLL
0x00007ff874070000 - 0x00007ff8743f3000 	C:\WINDOWS\System32\combase.dll
0x00007ff873f40000 - 0x00007ff874019000 	C:\WINDOWS\System32\OLEAUT32.dll
0x00007ff845890000 - 0x00007ff8458cb000 	C:\WINDOWS\SYSTEM32\dbgcore.DLL
0x00007ff8724b0000 - 0x00007ff872558000 	C:\WINDOWS\System32\bcryptPrimitives.dll
0x00007ff83b2c0000 - 0x00007ff83b2e5000 	C:\Program Files\Java\jdk-17\bin\java.dll

dbghelp: loaded successfully - version: 4.0.5 - missing functions: none
symbol engine: initialized successfully - sym options: 0x614 - pdb path: .;C:\Program Files\Java\jdk-17\bin;C:\WINDOWS\SYSTEM32;C:\WINDOWS\WinSxS\amd64_microsoft.windows.common-controls_6595b64144ccf1df_6.0.26100.8328_none_3e08182ce334b678;C:\Program Files\Java\jdk-17\bin\server

VM Arguments:
jvm_args: -XX:TieredStopAtLevel=1 
java_command: com.pharmacy.chatbot_service.ChatbotServiceApplication
java_class_path (initial): C:\Users\phamh\OneDrive\Desktop\pharmacy-soa\service\chatbot-service\target\classes;C:\Users\phamh\.m2\repository\ch\qos\logback\logback-classic\1.5.22\logback-classic-1.5.22.jar;C:\Users\phamh\.m2\repository\ch\qos\logback\logback-core\1.5.22\logback-core-1.5.22.jar;C:\Users\phamh\.m2\repository\org\apache\logging\log4j\log4j-to-slf4j\2.25.3\log4j-to-slf4j-2.25.3.jar;C:\Users\phamh\.m2\repository\org\apache\logging\log4j\log4j-api\2.25.3\log4j-api-2.25.3.jar;C:\Users\phamh\.m2\repository\org\slf4j\jul-to-slf4j\2.0.17\jul-to-slf4j-2.0.17.jar;C:\Users\phamh\.m2\repository\org\springframework\boot\spring-boot-autoconfigure\4.0.1\spring-boot-autoconfigure-4.0.1.jar;C:\Users\phamh\.m2\repository\jakarta\annotation\jakarta.annotation-api\3.0.0\jakarta.annotation-api-3.0.0.jar;C:\Users\phamh\.m2\repository\org\yaml\snakeyaml\2.5\snakeyaml-2.5.jar;C:\Users\phamh\.m2\repository\org\springframework\boot\spring-boot-jackson\4.0.1\spring-boot-jackson-4.0.1.jar;C:\Users\phamh\.m2\repository\tools\jackson\core\jackson-databind\3.0.3\jackson-databind-3.0.3.jar;C:\Users\phamh\.m2\repository\tools\jackson\core\jackson-core\3.0.3\jackson-core-3.0.3.jar;C:\Users\phamh\.m2\repository\org\apache\tomcat\embed\tomcat-embed-core\11.0.15\tomcat-embed-core-11.0.15.jar;C:\Users\phamh\.m2\repository\org\apache\tomcat\embed\tomcat-embed-websocket\11.0.15\tomcat-embed-websocket-11.0.15.jar;C:\Users\phamh\.m2\repository\org\springframework\boot\spring-boot-tomcat\4.0.1\spring-boot-tomcat-4.0.1.jar;C:\Users\phamh\.m2\repository\org\springframework\boot\spring-boot-http-converter\4.0.1\spring-boot-http-converter-4.0.1.jar;C:\Users\phamh\.m2\repository\org\springframework\boot\spring-boot\4.0.1\spring-boot-4.0.1.jar;C:\Users\phamh\.m2\repository\org\springframework\spring-context\7.0.2\spring-context-7.0.2.jar;C:\Users\phamh\.m2\repository\org\springframework\spring-web\7.0.2\spring-web-7.0.2.jar;C:\Users\phamh\.m2\repository\io\micrometer\micrometer-observation\1.16.1\
Launcher Type: SUN_STANDARD

[Global flags]
     intx CICompilerCount                          = 4                                         {product} {ergonomic}
     uint ConcGCThreads                            = 2                                         {product} {ergonomic}
     uint G1ConcRefinementThreads                  = 8                                         {product} {ergonomic}
   size_t G1HeapRegionSize                         = 2097152                                   {product} {ergonomic}
    uintx GCDrainStackTargetSize                   = 64                                        {product} {ergonomic}
   size_t InitialHeapSize                          = 197132288                                 {product} {ergonomic}
   size_t MarkStackSize                            = 4194304                                   {product} {ergonomic}
   size_t MaxHeapSize                              = 3141533696                                {product} {ergonomic}
   size_t MinHeapDeltaBytes                        = 2097152                                   {product} {ergonomic}
   size_t MinHeapSize                              = 8388608                                   {product} {ergonomic}
    uintx NonProfiledCodeHeapSize                  = 0                                      {pd product} {ergonomic}
     bool ProfileInterpreter                       = false                                  {pd product} {command line}
    uintx ProfiledCodeHeapSize                     = 0                                      {pd product} {ergonomic}
   size_t SoftMaxHeapSize                          = 3141533696                             {manageable} {ergonomic}
     intx TieredStopAtLevel                        = 1                                         {product} {command line}
     bool UseCompressedClassPointers               = true                           {product lp64_product} {ergonomic}
     bool UseCompressedOops                        = true                           {product lp64_product} {ergonomic}
     bool UseG1GC                                  = true                                      {product} {ergonomic}
     bool UseLargePagesIndividualAllocation        = false                                  {pd product} {ergonomic}

Logging:
Log output configuration:
 #0: stdout all=warning uptime,level,tags
 #1: stderr all=off uptime,level,tags

Environment Variables:
JAVA_HOME=C:\Program Files\Java\jdk-17
PATH=C:\WINDOWS\system32;C:\WINDOWS;C:\WINDOWS\System32\Wbem;C:\WINDOWS\System32\WindowsPowerShell\v1.0\;C:\WINDOWS\System32\OpenSSH\;C:\Program Files (x86)\Microsoft SQL Server\160\Tools\Binn\;C:\Program Files\Microsoft SQL Server\160\Tools\Binn\;C:\Program Files\Microsoft SQL Server\Client SDK\ODBC\170\Tools\Binn\;C:\Program Files\Microsoft SQL Server\160\DTS\Binn\;C:\Program Files (x86)\Microsoft SQL Server\160\DTS\Binn\;C:\Program Files\Java\jdk-17\bin;C:\MinGW\bin;C:\Program Files\dotnet\;C:\Program Files\Git\cmd;C:\Program Files\Microsoft SQL Server\150\Tools\Binn\;C:\Program Files\Cloudflare\Cloudflare WARP\;C:\Users\phamh\AppData\Local\nvm;C:\nvm4w\nodejs;C:\Android\emulator;C:\Android\cmdline-tools\latest\bin;C:\Android\platform-tools;D:\apache-maven-3.9.11\bin;%KOTLIN_HOME%\bin;C:\WINDOWS\system32;C:\WINDOWS;C:\WINDOWS\System32\Wbem;C:\WINDOWS\System32\WindowsPowerShell\v1.0\;C:\WINDOWS\System32\OpenSSH\;C:\Program Files (x86)\Microsoft SQL Server\160\Tools\Binn\;C:\Program Files\Microsoft SQL Server\160\Tools\Binn\;C:\Program Files\Microsoft SQL Server\Client SDK\ODBC\170\Tools\Binn\;C:\Program Files\Microsoft SQL Server\160\DTS\Binn\;C:\Program Files (x86)\Microsoft SQL Server\160\DTS\Binn\;C:\Program Files\Java\jdk-17\bin;C:\MinGW\bin;C:\Program Files\dotnet\;C:\Program Files\Git\cmd;C:\Program Files\Microsoft SQL Server\150\Tools\Binn\;C:\Program Files\Cloudflare\Cloudflare WARP\;C:\Users\phamh\AppData\Local\nvm;C:\nvm4w\nodejs;C:\Android\emulator;C:\Android\cmdline-tools\latest\bin;C:\Android\platform-tools;D:\apache-maven-3.9.11\bin;%KOTLIN_HOME%\bin;C:\Program Files\cursor\resources\app\bin;C:\Users\phamh\AppData\Local\Microsoft\WindowsApps;C:\Program Files\Azure Data Studio\bin;C:\Users\phamh\AppData\Local\Programs\Microsoft VS Code\bin;C:\Users\phamh\.dotnet\tools;D:\IntelliJ IDEA 2024.3.5\bin;D:\IntelliJ IDEA Community Edition 2024.3.5\bin;C:\Users\phamh\AppData\Local\nvm;C:\nvm4w\nodejs;C:\Users\phamh\Downloads\MyfansDownloader-main\MyfansDownloade
USERNAME=phamh
LANG=en_US.UTF-8
OS=Windows_NT
PROCESSOR_IDENTIFIER=Intel64 Family 6 Model 140 Stepping 1, GenuineIntel



---------------  S Y S T E M  ---------------

OS:
 Windows 11 , 64 bit Build 26100 (10.0.26100.8328)
OS uptime: 0 days 6:25 hours
Hyper-V role detected

CPU: total 8 (initial active 8) (4 cores per cpu, 2 threads per core) family 6 model 140 stepping 1 microcode 0x86, cx8, cmov, fxsr, ht, mmx, 3dnowpref, sse, sse2, sse3, ssse3, sse4.1, sse4.2, popcnt, lzcnt, tsc, tscinvbit, avx, avx2, aes, erms, clmul, bmi1, bmi2, adx, avx512f, avx512dq, avx512cd, avx512bw, avx512vl, sha, fma, vzeroupper, avx512_vpopcntdq, avx512_vpclmulqdq, avx512_vaes, avx512_vnni, clflush, clflushopt, clwb, avx512_vbmi2, avx512_vbmi, hv

Memory: 4k page, system-wide physical 11982M (2343M free)
TotalPageFile size 24256M (AvailPageFile size 294M)
current process WorkingSet (physical memory assigned to process): 12M, peak: 12M
current process commit charge ("private bytes"): 55M, peak: 243M

vm_info: Java HotSpot(TM) 64-Bit Server VM (17.0.15+9-LTS-241) for windows-amd64 JRE (17.0.15+9-LTS-241), built on Feb 20 2025 10:49:54 by "mach5one" with MS VC++ 17.6 (VS2022)

END.
