#
# There is insufficient memory for the Java Runtime Environment to continue.
# Native memory allocation (mmap) failed to map 67108864 bytes for G1 virtual space
# Possible reasons:
#   The system is out of physical RAM or swap space
#   The process is running with CompressedOops enabled, and the Java Heap may be blocking the growth of the native heap
# Possible solutions:
#   Reduce memory load on the system
#   Increase physical memory or swap space
#   Check if swap backing store is full
#   Decrease Java heap size (-Xmx/-Xms)
#   Decrease number of Java threads
#   Decrease Java thread stack sizes (-Xss)
#   Set larger code cache with -XX:ReservedCodeCacheSize=
#   JVM is running with Zero Based Compressed Oops mode in which the Java heap is
#     placed in the first 32GB address space. The Java Heap base address is the
#     maximum limit for the native heap growth. Please use -XX:HeapBaseMinAddress
#     to set the Java Heap base and to place the Java Heap above 32GB virtual address.
# This output file may be truncated or incomplete.
#
#  Out of Memory Error (os_windows.cpp:3551), pid=10836, tid=21140
#
# JRE version: Java(TM) SE Runtime Environment (17.0.15+9) (build 17.0.15+9-LTS-241)
# Java VM: Java HotSpot(TM) 64-Bit Server VM (17.0.15+9-LTS-241, mixed mode, emulated-client, sharing, tiered, compressed oops, compressed class ptrs, g1 gc, windows-amd64)
# No core dump will be written. Minidumps are not enabled by default on client versions of Windows
#

---------------  S U M M A R Y ------------

Command Line: -XX:TieredStopAtLevel=1 com.pharmacy.auth_service.AuthServiceApplication

Host: 11th Gen Intel(R) Core(TM) i5-1135G7 @ 2.40GHz, 8 cores, 11G,  Windows 11 , 64 bit Build 26100 (10.0.26100.7920)
Time: Mon Mar  2 21:38:00 2026 SE Asia Standard Time elapsed time: 10.416427 seconds (0d 0h 0m 10s)

---------------  T H R E A D  ---------------

Current thread (0x0000028b9b52bd90):  VMThread "VM Thread" [stack: 0x000000f0bbc00000,0x000000f0bbd00000] [id=21140]

Stack: [0x000000f0bbc00000,0x000000f0bbd00000]
Native frames: (J=compiled Java code, j=interpreted, Vv=VM code, C=native code)
V  [jvm.dll+0x67a46a]
V  [jvm.dll+0x7da6ad]
V  [jvm.dll+0x7dbff3]
V  [jvm.dll+0x7dc663]
V  [jvm.dll+0x24523f]
V  [jvm.dll+0x677499]
V  [jvm.dll+0x66c122]
V  [jvm.dll+0x302156]
V  [jvm.dll+0x3096f6]
V  [jvm.dll+0x35a04e]
V  [jvm.dll+0x35a27f]
V  [jvm.dll+0x2d9228]
V  [jvm.dll+0x2d765d]
V  [jvm.dll+0x2d6cac]
V  [jvm.dll+0x31a80b]
V  [jvm.dll+0x7e0f5b]
V  [jvm.dll+0x7e1c94]
V  [jvm.dll+0x7e21ad]
V  [jvm.dll+0x7e2584]
V  [jvm.dll+0x7e2650]
V  [jvm.dll+0x78b0ba]
V  [jvm.dll+0x679355]
C  [ucrtbase.dll+0x37b0]
C  [KERNEL32.DLL+0x2e8d7]
C  [ntdll.dll+0x8c48c]

VM_Operation (0x000000f0bb6f7500): G1CollectForAllocation, mode: safepoint, requested by thread 0x0000028b872b2060


---------------  P R O C E S S  ---------------

Threads class SMR info:
_java_thread_list=0x0000028be235f650, length=20, elements={
0x0000028b872b2060, 0x0000028b9b530840, 0x0000028b9b5313f0, 0x0000028b9b548d10,
0x0000028b9b5496c0, 0x0000028b9b54a070, 0x0000028b9b54aa20, 0x0000028b9b54b480,
0x0000028b9b54de80, 0x0000028b9b7d88c0, 0x0000028b9b8b2aa0, 0x0000028b9b8b8370,
0x0000028be14d24e0, 0x0000028be15d2010, 0x0000028be23f0130, 0x0000028be2477050,
0x0000028be244da10, 0x0000028be2479620, 0x0000028be25b0440, 0x0000028be26ec520
}

Java Threads: ( => current thread )
  0x0000028b872b2060 JavaThread "main" [_thread_blocked, id=14684, stack(0x000000f0bb600000,0x000000f0bb700000)]
  0x0000028b9b530840 JavaThread "Reference Handler" daemon [_thread_blocked, id=3584, stack(0x000000f0bbd00000,0x000000f0bbe00000)]
  0x0000028b9b5313f0 JavaThread "Finalizer" daemon [_thread_blocked, id=19740, stack(0x000000f0bbe00000,0x000000f0bbf00000)]
  0x0000028b9b548d10 JavaThread "Signal Dispatcher" daemon [_thread_blocked, id=20452, stack(0x000000f0bbf00000,0x000000f0bc000000)]
  0x0000028b9b5496c0 JavaThread "Attach Listener" daemon [_thread_blocked, id=8916, stack(0x000000f0bc000000,0x000000f0bc100000)]
  0x0000028b9b54a070 JavaThread "Service Thread" daemon [_thread_blocked, id=6400, stack(0x000000f0bc100000,0x000000f0bc200000)]
  0x0000028b9b54aa20 JavaThread "Monitor Deflation Thread" daemon [_thread_blocked, id=9704, stack(0x000000f0bc200000,0x000000f0bc300000)]
  0x0000028b9b54b480 JavaThread "C1 CompilerThread0" daemon [_thread_blocked, id=11416, stack(0x000000f0bc300000,0x000000f0bc400000)]
  0x0000028b9b54de80 JavaThread "Sweeper thread" daemon [_thread_blocked, id=19376, stack(0x000000f0bc400000,0x000000f0bc500000)]
  0x0000028b9b7d88c0 JavaThread "C1 CompilerThread1" daemon [_thread_blocked, id=2232, stack(0x000000f0bc500000,0x000000f0bc600000)]
  0x0000028b9b8b2aa0 JavaThread "Notification Thread" daemon [_thread_blocked, id=1336, stack(0x000000f0bc600000,0x000000f0bc700000)]
  0x0000028b9b8b8370 JavaThread "Common-Cleaner" daemon [_thread_blocked, id=19608, stack(0x000000f0bc800000,0x000000f0bc900000)]
  0x0000028be14d24e0 JavaThread "C1 CompilerThread2" daemon [_thread_blocked, id=11776, stack(0x000000f0bc900000,0x000000f0bca00000)]
  0x0000028be15d2010 JavaThread "C1 CompilerThread3" daemon [_thread_blocked, id=18784, stack(0x000000f0bca00000,0x000000f0bcb00000)]
  0x0000028be23f0130 JavaThread "Catalina-utility-1" [_thread_blocked, id=11784, stack(0x000000f0bd000000,0x000000f0bd100000)]
  0x0000028be2477050 JavaThread "Catalina-utility-2" [_thread_blocked, id=10128, stack(0x000000f0bd400000,0x000000f0bd500000)]
  0x0000028be244da10 JavaThread "container-0" [_thread_blocked, id=8724, stack(0x000000f0bd500000,0x000000f0bd600000)]
  0x0000028be2479620 JavaThread "mysql-cj-abandoned-connection-cleanup" daemon [_thread_blocked, id=13096, stack(0x000000f0bd600000,0x000000f0bd700000)]
  0x0000028be25b0440 JavaThread "HikariPool-1:housekeeper" daemon [_thread_blocked, id=13636, stack(0x000000f0bd800000,0x000000f0bd900000)]
  0x0000028be26ec520 JavaThread "HikariPool-1:connection-adder" daemon [_thread_blocked, id=6928, stack(0x000000f0bd900000,0x000000f0bda00000)]

Other Threads:
=>0x0000028b9b52bd90 VMThread "VM Thread" [stack: 0x000000f0bbc00000,0x000000f0bbd00000] [id=21140]
  0x0000028b9b894dd0 WatcherThread [stack: 0x000000f0bc700000,0x000000f0bc800000] [id=10944]
  0x0000028b87313530 GCTaskThread "GC Thread#0" [stack: 0x000000f0bb700000,0x000000f0bb800000] [id=7672]
  0x0000028be1606e50 GCTaskThread "GC Thread#1" [stack: 0x000000f0bcb00000,0x000000f0bcc00000] [id=12480]
  0x0000028be1607110 GCTaskThread "GC Thread#2" [stack: 0x000000f0bcc00000,0x000000f0bcd00000] [id=12732]
  0x0000028be161a8f0 GCTaskThread "GC Thread#3" [stack: 0x000000f0bcd00000,0x000000f0bce00000] [id=19048]
  0x0000028be16384a0 GCTaskThread "GC Thread#4" [stack: 0x000000f0bce00000,0x000000f0bcf00000] [id=8072]
  0x0000028be1638760 GCTaskThread "GC Thread#5" [stack: 0x000000f0bcf00000,0x000000f0bd000000] [id=7656]
  0x0000028be1844bb0 GCTaskThread "GC Thread#6" [stack: 0x000000f0bd100000,0x000000f0bd200000] [id=19280]
  0x0000028be1845c30 GCTaskThread "GC Thread#7" [stack: 0x000000f0bd200000,0x000000f0bd300000] [id=21260]
  0x0000028b8731ffc0 ConcurrentGCThread "G1 Main Marker" [stack: 0x000000f0bb800000,0x000000f0bb900000] [id=12936]
  0x0000028b873216a0 ConcurrentGCThread "G1 Conc#0" [stack: 0x000000f0bb900000,0x000000f0bba00000] [id=10664]
  0x0000028be1846470 ConcurrentGCThread "G1 Conc#1" [stack: 0x000000f0bd300000,0x000000f0bd400000] [id=3412]
  0x0000028b9b3d6400 ConcurrentGCThread "G1 Refine#0" [stack: 0x000000f0bba00000,0x000000f0bbb00000] [id=2920]
  0x0000028be27ca5b0 ConcurrentGCThread "G1 Refine#1" [stack: 0x000000f0bda00000,0x000000f0bdb00000] [id=15440]
  0x0000028be27c9ce0 ConcurrentGCThread "G1 Refine#2" [stack: 0x000000f0bdb00000,0x000000f0bdc00000] [id=3668]
  0x0000028be27cb170 ConcurrentGCThread "G1 Refine#3" [stack: 0x000000f0bdc00000,0x000000f0bdd00000] [id=3732]
  0x0000028b9b3d7af0 ConcurrentGCThread "G1 Service" [stack: 0x000000f0bbb00000,0x000000f0bbc00000] [id=21292]

Threads with active compile tasks:

VM state: at safepoint (normal execution)

VM Mutex/Monitor currently owned by a thread:  ([mutex/lock_event])
[0x0000028b872af290] Threads_lock - owner thread: 0x0000028b9b52bd90
[0x0000028b872afa70] Heap_lock - owner thread: 0x0000028b872b2060

Heap address: 0x0000000744c00000, size: 2996 MB, Compressed Oops mode: Zero based, Oop shift amount: 3

CDS archive(s) mapped at: [0x0000028b9c000000-0x0000028b9cbd0000-0x0000028b9cbd0000), size 12386304, SharedBaseAddress: 0x0000028b9c000000, ArchiveRelocationMode: 1.
Compressed class space mapped at: 0x0000028b9d000000-0x0000028bdd000000, reserved size: 1073741824
Narrow klass base: 0x0000028b9c000000, Narrow klass shift: 0, Narrow klass range: 0x100000000

GC Precious Log:
 CPUs: 8 total, 8 available
 Memory: 11982M
 Large Page Support: Disabled
 NUMA Support: Disabled
 Compressed Oops: Enabled (Zero based)
 Heap Region Size: 2M
 Heap Min Capacity: 8M
 Heap Initial Capacity: 188M
 Heap Max Capacity: 2996M
 Pre-touch: Disabled
 Parallel Workers: 8
 Concurrent Workers: 2
 Concurrent Refinement Workers: 8
 Periodic GC: Disabled

Heap:
 garbage-first heap   total 90112K, used 54402K [0x0000000744c00000, 0x0000000800000000)
  region size 2048K, 2 young (4096K), 2 survivors (4096K)
 Metaspace       used 68822K, committed 69440K, reserved 1114112K
  class space    used 10147K, committed 10432K, reserved 1048576K

Heap Regions: E=young(eden), S=young(survivor), O=old, HS=humongous(starts), HC=humongous(continues), CS=collection set, F=free, OA=open archive, CA=closed archive, TAMS=top-at-mark-start (previous, next)
|   0|0x0000000744c00000, 0x0000000744e00000, 0x0000000744e00000|100%| O|  |TAMS 0x0000000744e00000, 0x0000000744e00000| Untracked 
|   1|0x0000000744e00000, 0x0000000745000000, 0x0000000745000000|100%| O|  |TAMS 0x0000000745000000, 0x0000000745000000| Untracked 
|   2|0x0000000745000000, 0x0000000745200000, 0x0000000745200000|100%| O|  |TAMS 0x0000000745200000, 0x0000000745200000| Untracked 
|   3|0x0000000745200000, 0x0000000745385800, 0x0000000745400000| 76%| O|  |TAMS 0x0000000745385800, 0x0000000745385800| Untracked 
|   4|0x0000000745400000, 0x0000000745600000, 0x0000000745600000|100%| O|  |TAMS 0x0000000745600000, 0x0000000745600000| Untracked 
|   5|0x0000000745600000, 0x0000000745800000, 0x0000000745800000|100%| O|  |TAMS 0x0000000745800000, 0x0000000745800000| Untracked 
|   6|0x0000000745800000, 0x0000000745a00000, 0x0000000745a00000|100%| O|  |TAMS 0x0000000745a00000, 0x0000000745a00000| Untracked 
|   7|0x0000000745a00000, 0x0000000745c00000, 0x0000000745c00000|100%| O|  |TAMS 0x0000000745c00000, 0x0000000745c00000| Untracked 
|   8|0x0000000745c00000, 0x0000000745e00000, 0x0000000745e00000|100%| O|  |TAMS 0x0000000745e00000, 0x0000000745e00000| Untracked 
|   9|0x0000000745e00000, 0x0000000746000000, 0x0000000746000000|100%| O|  |TAMS 0x0000000746000000, 0x0000000746000000| Untracked 
|  10|0x0000000746000000, 0x0000000746200000, 0x0000000746200000|100%| O|  |TAMS 0x0000000746200000, 0x0000000746200000| Untracked 
|  11|0x0000000746200000, 0x0000000746400000, 0x0000000746400000|100%| O|  |TAMS 0x0000000746400000, 0x0000000746400000| Untracked 
|  12|0x0000000746400000, 0x0000000746600000, 0x0000000746600000|100%| O|  |TAMS 0x00000007465c3200, 0x0000000746600000| Untracked 
|  13|0x0000000746600000, 0x0000000746800000, 0x0000000746800000|100%| O|  |TAMS 0x0000000746600000, 0x0000000746800000| Untracked 
|  14|0x0000000746800000, 0x0000000746a00000, 0x0000000746a00000|100%| O|  |TAMS 0x0000000746800000, 0x0000000746a00000| Untracked 
|  15|0x0000000746a00000, 0x0000000746c00000, 0x0000000746c00000|100%| O|  |TAMS 0x0000000746a00000, 0x0000000746c00000| Untracked 
|  16|0x0000000746c00000, 0x0000000746e00000, 0x0000000746e00000|100%| O|  |TAMS 0x0000000746c00000, 0x0000000746e00000| Untracked 
|  17|0x0000000746e00000, 0x0000000747000000, 0x0000000747000000|100%| O|  |TAMS 0x0000000746e00000, 0x0000000747000000| Untracked 
|  18|0x0000000747000000, 0x0000000747200000, 0x0000000747200000|100%| O|  |TAMS 0x0000000747000000, 0x0000000747200000| Untracked 
|  19|0x0000000747200000, 0x0000000747400000, 0x0000000747400000|100%| O|  |TAMS 0x0000000747200000, 0x0000000747400000| Untracked 
|  20|0x0000000747400000, 0x0000000747600000, 0x0000000747600000|100%| O|  |TAMS 0x0000000747400000, 0x0000000747600000| Untracked 
|  21|0x0000000747600000, 0x0000000747800000, 0x0000000747800000|100%| O|  |TAMS 0x0000000747600000, 0x0000000747709800| Untracked 
|  22|0x0000000747800000, 0x0000000747a00000, 0x0000000747a00000|100%| O|  |TAMS 0x0000000747800000, 0x0000000747800000| Untracked 
|  23|0x0000000747a00000, 0x0000000747c00000, 0x0000000747c00000|100%| O|  |TAMS 0x0000000747a00000, 0x0000000747a00000| Untracked 
|  24|0x0000000747c00000, 0x0000000747d9b200, 0x0000000747e00000| 80%| O|  |TAMS 0x0000000747c00000, 0x0000000747c00000| Untracked 
|  25|0x0000000747e00000, 0x0000000747e00000, 0x0000000748000000|  0%| F|  |TAMS 0x0000000747e00000, 0x0000000747e00000| Untracked 
|  26|0x0000000748000000, 0x0000000748000000, 0x0000000748200000|  0%| F|  |TAMS 0x0000000748000000, 0x0000000748000000| Untracked 
|  27|0x0000000748200000, 0x0000000748200000, 0x0000000748400000|  0%| F|  |TAMS 0x0000000748200000, 0x0000000748200000| Untracked 
|  28|0x0000000748400000, 0x0000000748400000, 0x0000000748600000|  0%| F|  |TAMS 0x0000000748400000, 0x0000000748400000| Untracked 
|  29|0x0000000748600000, 0x0000000748600000, 0x0000000748800000|  0%| F|  |TAMS 0x0000000748600000, 0x0000000748600000| Untracked 
|  30|0x0000000748800000, 0x0000000748800000, 0x0000000748a00000|  0%| F|  |TAMS 0x0000000748800000, 0x0000000748800000| Untracked 
|  31|0x0000000748a00000, 0x0000000748a00000, 0x0000000748c00000|  0%| F|  |TAMS 0x0000000748a00000, 0x0000000748a00000| Untracked 
|  32|0x0000000748c00000, 0x0000000748c00000, 0x0000000748e00000|  0%| F|  |TAMS 0x0000000748c00000, 0x0000000748c00000| Untracked 
|  33|0x0000000748e00000, 0x0000000749000000, 0x0000000749000000|100%| S|CS|TAMS 0x0000000748e00000, 0x0000000748e00000| Complete 
|  34|0x0000000749000000, 0x0000000749200000, 0x0000000749200000|100%| S|CS|TAMS 0x0000000749000000, 0x0000000749000000| Complete 
|  35|0x0000000749200000, 0x0000000749200000, 0x0000000749400000|  0%| F|  |TAMS 0x0000000749200000, 0x0000000749200000| Untracked 
|  36|0x0000000749400000, 0x0000000749400000, 0x0000000749600000|  0%| F|  |TAMS 0x0000000749400000, 0x0000000749400000| Untracked 
|  37|0x0000000749600000, 0x0000000749600000, 0x0000000749800000|  0%| F|  |TAMS 0x0000000749600000, 0x0000000749600000| Untracked 
|  38|0x0000000749800000, 0x0000000749800000, 0x0000000749a00000|  0%| F|  |TAMS 0x0000000749800000, 0x0000000749800000| Untracked 
|  86|0x000000074f800000, 0x000000074f800000, 0x000000074fa00000|  0%| F|  |TAMS 0x000000074f800000, 0x000000074f800000| Untracked 
|  87|0x000000074fa00000, 0x000000074fa00000, 0x000000074fc00000|  0%| F|  |TAMS 0x000000074fa00000, 0x000000074fa00000| Untracked 
|  88|0x000000074fc00000, 0x000000074fc00000, 0x000000074fe00000|  0%| F|  |TAMS 0x000000074fc00000, 0x000000074fc00000| Untracked 
|  89|0x000000074fe00000, 0x000000074fe00000, 0x0000000750000000|  0%| F|  |TAMS 0x000000074fe00000, 0x000000074fe00000| Untracked 
|  93|0x0000000750600000, 0x0000000750600000, 0x0000000750800000|  0%| F|  |TAMS 0x0000000750600000, 0x0000000750600000| Untracked 

Card table byte_map: [0x0000028b92280000,0x0000028b92860000] _byte_map_base: 0x0000028b8e85a000

Marking Bits (Prev, Next): (CMBitMap*) 0x0000028b87313b50, (CMBitMap*) 0x0000028b87313b90
 Prev Bits: [0x0000028b92e40000, 0x0000028b95d10000)
 Next Bits: [0x0000028b95d10000, 0x0000028b98be0000)

Polling page: 0x0000028b85170000

Metaspace:

Usage:
  Non-class:     57.30 MB used.
      Class:      9.91 MB used.
       Both:     67.21 MB used.

Virtual space:
  Non-class space:       64.00 MB reserved,      57.62 MB ( 90%) committed,  1 nodes.
      Class space:        1.00 GB reserved,      10.19 MB ( <1%) committed,  1 nodes.
             Both:        1.06 GB reserved,      67.81 MB (  6%) committed. 

Chunk freelists:
   Non-Class:  6.36 MB
       Class:  5.80 MB
        Both:  12.16 MB

MaxMetaspaceSize: unlimited
CompressedClassSpaceSize: 1.00 GB
Initial GC threshold: 21.00 MB
Current GC threshold: 113.06 MB
CDS: on
MetaspaceReclaimPolicy: balanced
 - commit_granule_bytes: 65536.
 - commit_granule_words: 8192.
 - virtual_space_node_default_size: 8388608.
 - enlarge_chunks_in_place: 1.
 - new_chunks_are_fully_committed: 0.
 - uncommit_free_chunks: 1.
 - use_allocation_guard: 0.
 - handle_deallocations: 1.


Internal statistics:

num_allocs_failed_limit: 12.
num_arena_births: 786.
num_arena_deaths: 0.
num_vsnodes_births: 2.
num_vsnodes_deaths: 0.
num_space_committed: 1085.
num_space_uncommitted: 0.
num_chunks_returned_to_freelist: 12.
num_chunks_taken_from_freelist: 3317.
num_chunk_merges: 12.
num_chunk_splits: 2502.
num_chunks_enlarged: 2048.
num_inconsistent_stats: 0.

CodeCache: size=49152Kb used=11018Kb max_used=11018Kb free=38133Kb
 bounds [0x0000028b8eb90000, 0x0000028b8f660000, 0x0000028b91b90000]
 total_blobs=5806 nmethods=5148 adapters=582
 compilation: enabled
              stopped_count=0, restarted_count=0
 full_count=0

Compilation events (20 events):
Event: 8.317 Thread 0x0000028be15d2010 5139       1       org.antlr.v4.runtime.misc.FlexibleHashMap::expand (151 bytes)
Event: 8.317 Thread 0x0000028be15d2010 nmethod 5139 0x0000028b8f64f510 code [0x0000028b8f64f720, 0x0000028b8f64fc58]
Event: 8.318 Thread 0x0000028be15d2010 5140       1       org.antlr.v4.runtime.misc.FlexibleHashMap::size (5 bytes)
Event: 8.318 Thread 0x0000028be15d2010 nmethod 5140 0x0000028b8f64ff90 code [0x0000028b8f650120, 0x0000028b8f6501f8]
Event: 8.318 Thread 0x0000028be15d2010 5141       1       org.antlr.v4.runtime.atn.ATNConfigSet::iterator (8 bytes)
Event: 8.318 Thread 0x0000028be15d2010 nmethod 5141 0x0000028b8f650290 code [0x0000028b8f650420, 0x0000028b8f6505b8]
Event: 8.320 Thread 0x0000028be15d2010 5142       1       org.antlr.v4.runtime.atn.ATNConfigSet::<init> (44 bytes)
Event: 8.320 Thread 0x0000028b9b7d88c0 5143       1       org.antlr.v4.runtime.atn.ATNConfigSet$ConfigHashSet::<init> (8 bytes)
Event: 8.320 Thread 0x0000028b9b7d88c0 nmethod 5143 0x0000028b8f650690 code [0x0000028b8f650820, 0x0000028b8f650908]
Event: 8.320 Thread 0x0000028be15d2010 nmethod 5142 0x0000028b8f650a10 code [0x0000028b8f650bc0, 0x0000028b8f650ed8]
Event: 8.371 Thread 0x0000028be15d2010 5144       1       org.antlr.v4.runtime.CodePointCharStream::mark (2 bytes)
Event: 8.371 Thread 0x0000028b9b54b480 5145       1       org.antlr.v4.runtime.atn.LexerATNSimulator::getLine (5 bytes)
Event: 8.371 Thread 0x0000028b9b7d88c0 5146       1       org.antlr.v4.runtime.atn.LexerATNSimulator::getCharPositionInLine (5 bytes)
Event: 8.372 Thread 0x0000028be15d2010 nmethod 5144 0x0000028b8f651010 code [0x0000028b8f6511a0, 0x0000028b8f651278]
Event: 8.372 Thread 0x0000028b9b54b480 nmethod 5145 0x0000028b8f651310 code [0x0000028b8f6514a0, 0x0000028b8f651578]
Event: 8.372 Thread 0x0000028b9b7d88c0 nmethod 5146 0x0000028b8f651610 code [0x0000028b8f6517a0, 0x0000028b8f651878]
Event: 8.388 Thread 0x0000028be15d2010 5147 %     1       org.antlr.v4.runtime.misc.FlexibleHashMap::values @ 23 (95 bytes)
Event: 8.388 Thread 0x0000028be15d2010 nmethod 5147% 0x0000028b8f651910 code [0x0000028b8f651b00, 0x0000028b8f651e88]
Event: 8.389 Thread 0x0000028be15d2010 5148 %     1       org.antlr.v4.runtime.misc.FlexibleHashMap::values @ 50 (95 bytes)
Event: 8.389 Thread 0x0000028be15d2010 nmethod 5148% 0x0000028b8f652110 code [0x0000028b8f652300, 0x0000028b8f6526e8]

GC Heap History (20 events):
Event: 4.368 GC heap after
{Heap after GC invocations=7 (full 0):
 garbage-first heap   total 73728K, used 18073K [0x0000000744c00000, 0x0000000800000000)
  region size 2048K, 2 young (4096K), 2 survivors (4096K)
 Metaspace       used 28331K, committed 28800K, reserved 1114112K
  class space    used 3913K, committed 4160K, reserved 1048576K
}
Event: 5.235 GC heap before
{Heap before GC invocations=7 (full 0):
 garbage-first heap   total 73728K, used 50841K [0x0000000744c00000, 0x0000000800000000)
  region size 2048K, 18 young (36864K), 2 survivors (4096K)
 Metaspace       used 34217K, committed 34752K, reserved 1114112K
  class space    used 4750K, committed 4992K, reserved 1048576K
}
Event: 5.246 GC heap after
{Heap after GC invocations=8 (full 0):
 garbage-first heap   total 73728K, used 20875K [0x0000000744c00000, 0x0000000800000000)
  region size 2048K, 3 young (6144K), 3 survivors (6144K)
 Metaspace       used 34217K, committed 34752K, reserved 1114112K
  class space    used 4750K, committed 4992K, reserved 1048576K
}
Event: 5.428 GC heap before
{Heap before GC invocations=8 (full 0):
 garbage-first heap   total 73728K, used 29067K [0x0000000744c00000, 0x0000000800000000)
  region size 2048K, 8 young (16384K), 3 survivors (6144K)
 Metaspace       used 35524K, committed 35968K, reserved 1114112K
  class space    used 4952K, committed 5184K, reserved 1048576K
}
Event: 5.435 GC heap after
{Heap after GC invocations=9 (full 0):
 garbage-first heap   total 73728K, used 21875K [0x0000000744c00000, 0x0000000800000000)
  region size 2048K, 3 young (6144K), 3 survivors (6144K)
 Metaspace       used 35524K, committed 35968K, reserved 1114112K
  class space    used 4952K, committed 5184K, reserved 1048576K
}
Event: 5.937 GC heap before
{Heap before GC invocations=10 (full 0):
 garbage-first heap   total 73728K, used 52595K [0x0000000744c00000, 0x0000000800000000)
  region size 2048K, 18 young (36864K), 3 survivors (6144K)
 Metaspace       used 41763K, committed 42240K, reserved 1114112K
  class space    used 6102K, committed 6336K, reserved 1048576K
}
Event: 5.942 GC heap after
{Heap after GC invocations=11 (full 0):
 garbage-first heap   total 73728K, used 23723K [0x0000000744c00000, 0x0000000800000000)
  region size 2048K, 2 young (4096K), 2 survivors (4096K)
 Metaspace       used 41763K, committed 42240K, reserved 1114112K
  class space    used 6102K, committed 6336K, reserved 1048576K
}
Event: 6.519 GC heap before
{Heap before GC invocations=11 (full 0):
 garbage-first heap   total 73728K, used 52395K [0x0000000744c00000, 0x0000000800000000)
  region size 2048K, 17 young (34816K), 2 survivors (4096K)
 Metaspace       used 49677K, committed 50240K, reserved 1114112K
  class space    used 7169K, committed 7424K, reserved 1048576K
}
Event: 6.523 GC heap after
{Heap after GC invocations=12 (full 0):
 garbage-first heap   total 90112K, used 26009K [0x0000000744c00000, 0x0000000800000000)
  region size 2048K, 3 young (6144K), 3 survivors (6144K)
 Metaspace       used 49677K, committed 50240K, reserved 1114112K
  class space    used 7169K, committed 7424K, reserved 1048576K
}
Event: 7.312 GC heap before
{Heap before GC invocations=12 (full 0):
 garbage-first heap   total 90112K, used 66969K [0x0000000744c00000, 0x0000000800000000)
  region size 2048K, 23 young (47104K), 3 survivors (6144K)
 Metaspace       used 59837K, committed 60352K, reserved 1114112K
  class space    used 8649K, committed 8896K, reserved 1048576K
}
Event: 7.317 GC heap after
{Heap after GC invocations=13 (full 0):
 garbage-first heap   total 90112K, used 27847K [0x0000000744c00000, 0x0000000800000000)
  region size 2048K, 3 young (6144K), 3 survivors (6144K)
 Metaspace       used 59837K, committed 60352K, reserved 1114112K
  class space    used 8649K, committed 8896K, reserved 1048576K
}
Event: 7.348 GC heap before
{Heap before GC invocations=13 (full 0):
 garbage-first heap   total 90112K, used 29895K [0x0000000744c00000, 0x0000000800000000)
  region size 2048K, 5 young (10240K), 3 survivors (6144K)
 Metaspace       used 59947K, committed 60416K, reserved 1114112K
  class space    used 8660K, committed 8896K, reserved 1048576K
}
Event: 7.352 GC heap after
{Heap after GC invocations=14 (full 0):
 garbage-first heap   total 90112K, used 27921K [0x0000000744c00000, 0x0000000800000000)
  region size 2048K, 1 young (2048K), 1 survivors (2048K)
 Metaspace       used 59947K, committed 60416K, reserved 1114112K
  class space    used 8660K, committed 8896K, reserved 1048576K
}
Event: 8.173 GC heap before
{Heap before GC invocations=15 (full 0):
 garbage-first heap   total 90112K, used 68881K [0x0000000744c00000, 0x0000000800000000)
  region size 2048K, 22 young (45056K), 1 survivors (2048K)
 Metaspace       used 68688K, committed 69248K, reserved 1114112K
  class space    used 10126K, committed 10368K, reserved 1048576K
}
Event: 8.178 GC heap after
{Heap after GC invocations=16 (full 0):
 garbage-first heap   total 90112K, used 31131K [0x0000000744c00000, 0x0000000800000000)
  region size 2048K, 3 young (6144K), 3 survivors (6144K)
 Metaspace       used 68688K, committed 69248K, reserved 1114112K
  class space    used 10126K, committed 10368K, reserved 1048576K
}
Event: 8.289 GC heap before
{Heap before GC invocations=17 (full 0):
 garbage-first heap   total 90112K, used 70043K [0x0000000744c00000, 0x0000000800000000)
  region size 2048K, 22 young (45056K), 3 survivors (6144K)
 Metaspace       used 68822K, committed 69440K, reserved 1114112K
  class space    used 10147K, committed 10432K, reserved 1048576K
}
Event: 8.296 GC heap after
{Heap after GC invocations=18 (full 0):
 garbage-first heap   total 90112K, used 38498K [0x0000000744c00000, 0x0000000800000000)
  region size 2048K, 3 young (6144K), 3 survivors (6144K)
 Metaspace       used 68822K, committed 69440K, reserved 1114112K
  class space    used 10147K, committed 10432K, reserved 1048576K
}
Event: 8.348 GC heap before
{Heap before GC invocations=18 (full 0):
 garbage-first heap   total 90112K, used 65122K [0x0000000744c00000, 0x0000000800000000)
  region size 2048K, 16 young (32768K), 3 survivors (6144K)
 Metaspace       used 68822K, committed 69440K, reserved 1114112K
  class space    used 10147K, committed 10432K, reserved 1048576K
}
Event: 8.357 GC heap after
{Heap after GC invocations=19 (full 0):
 garbage-first heap   total 90112K, used 47676K [0x0000000744c00000, 0x0000000800000000)
  region size 2048K, 2 young (4096K), 2 survivors (4096K)
 Metaspace       used 68822K, committed 69440K, reserved 1114112K
  class space    used 10147K, committed 10432K, reserved 1048576K
}
Event: 8.399 GC heap before
{Heap before GC invocations=19 (full 0):
 garbage-first heap   total 90112K, used 66108K [0x0000000744c00000, 0x0000000800000000)
  region size 2048K, 11 young (22528K), 2 survivors (4096K)
 Metaspace       used 68822K, committed 69440K, reserved 1114112K
  class space    used 10147K, committed 10432K, reserved 1048576K
}

Deoptimization events (6 events):
Event: 5.278 Thread 0x0000028b872b2060 DEOPT PACKING pc=0x0000028b8efd6e09 sp=0x000000f0bb6fe8b0
Event: 5.278 Thread 0x0000028b872b2060 DEOPT UNPACKING pc=0x0000028b8ebe66e3 sp=0x000000f0bb6fdd40 mode 3
Event: 5.278 Thread 0x0000028be23f0130 DEOPT PACKING pc=0x0000028b8efd5b9f sp=0x000000f0bd0ff1c0
Event: 5.278 Thread 0x0000028be23f0130 DEOPT UNPACKING pc=0x0000028b8ebe66e3 sp=0x000000f0bd0fe618 mode 3
Event: 7.862 Thread 0x0000028b872b2060 DEOPT PACKING pc=0x0000028b8f134b5c sp=0x000000f0bb6fbd30
Event: 7.862 Thread 0x0000028b872b2060 DEOPT UNPACKING pc=0x0000028b8ebe66e3 sp=0x000000f0bb6fb260 mode 0

Classes unloaded (0 events):
No events

Classes redefined (0 events):
No events

Internal exceptions (20 events):
Event: 6.675 Thread 0x0000028b872b2060 Exception <a 'java/lang/NoSuchMethodError'{0x000000074fb151c0}: 'java.lang.Object java.lang.invoke.DirectMethodHandle$Holder.newInvokeSpecial(java.lang.Object, java.lang.Object, int)'> (0x000000074fb151c0) 
thrown [s\open\src\hotspot\share\interpreter\linkResolver.cpp, line 759]
Event: 6.874 Thread 0x0000028b872b2060 Exception <a 'java/lang/IncompatibleClassChangeError'{0x0000000749366938}: Found class java.lang.Object, but interface was expected> (0x0000000749366938) 
thrown [s\open\src\hotspot\share\interpreter\linkResolver.cpp, line 826]
Event: 6.892 Thread 0x0000028b872b2060 Exception <a 'java/lang/NoSuchMethodError'{0x00000007490402a8}: 'java.lang.Object java.lang.invoke.DirectMethodHandle$Holder.invokeStatic(java.lang.Object, java.lang.Object, int, java.lang.Object)'> (0x00000007490402a8) 
thrown [s\open\src\hotspot\share\interpreter\linkResolver.cpp, line 759]
Event: 6.892 Thread 0x0000028b872b2060 Exception <a 'java/lang/NoSuchMethodError'{0x0000000749043d40}: 'java.lang.Object java.lang.invoke.DirectMethodHandle$Holder.invokeStaticInit(java.lang.Object, java.lang.Object, int, java.lang.Object)'> (0x0000000749043d40) 
thrown [s\open\src\hotspot\share\interpreter\linkResolver.cpp, line 759]
Event: 7.419 Thread 0x0000028b872b2060 Exception <a 'java/lang/NoSuchMethodError'{0x000000074fec5e50}: 'void java.lang.invoke.DirectMethodHandle$Holder.invokeInterface(java.lang.Object, java.lang.Object, int, java.lang.Object)'> (0x000000074fec5e50) 
thrown [s\open\src\hotspot\share\interpreter\linkResolver.cpp, line 759]
Event: 7.423 Thread 0x0000028b872b2060 Exception <a 'java/lang/NoSuchMethodError'{0x000000074ff05e08}: 'java.lang.Object java.lang.invoke.DirectMethodHandle$Holder.newInvokeSpecial(java.lang.Object, java.lang.Object, int, java.lang.Object)'> (0x000000074ff05e08) 
thrown [s\open\src\hotspot\share\interpreter\linkResolver.cpp, line 759]
Event: 7.436 Thread 0x0000028b872b2060 Exception <a 'java/lang/NoSuchMethodError'{0x000000074ffb9950}: 'void java.lang.invoke.DirectMethodHandle$Holder.invokeSpecial(java.lang.Object, java.lang.Object, int, java.lang.Object)'> (0x000000074ffb9950) 
thrown [s\open\src\hotspot\share\interpreter\linkResolver.cpp, line 759]
Event: 7.436 Thread 0x0000028b872b2060 Exception <a 'java/lang/IncompatibleClassChangeError'{0x000000074ffc2b48}: Found class java.lang.Object, but interface was expected> (0x000000074ffc2b48) 
thrown [s\open\src\hotspot\share\interpreter\linkResolver.cpp, line 826]
Event: 7.471 Thread 0x0000028b872b2060 Exception <a 'java/lang/NoSuchMethodError'{0x000000074fb9c5e8}: 'int java.lang.invoke.DirectMethodHandle$Holder.invokeStatic(java.lang.Object, int, java.lang.Object)'> (0x000000074fb9c5e8) 
thrown [s\open\src\hotspot\share\interpreter\linkResolver.cpp, line 759]
Event: 7.476 Thread 0x0000028b872b2060 Exception <a 'java/lang/NoSuchMethodError'{0x000000074fbf9300}: 'java.lang.Object java.lang.invoke.DirectMethodHandle$Holder.newInvokeSpecial(java.lang.Object, java.lang.Object, java.lang.Object, java.lang.Object, java.lang.Object, java.lang.Object, java.lang.Object, java.lang.Object, java.lang.Object, java.lang.Object, java.lang.Object, java.lang.Object)'> (0x000000074fbf9300) 
thrown [s\open\src\hotspot\share\interpreter\linkResolver.cpp, line 759]
Event: 7.477 Thread 0x0000028b872b2060 Exception <a 'java/lang/NoSuchMethodError'{0x000000074fbfdd98}: 'java.lang.Object java.lang.invoke.DirectMethodHandle$Holder.invokeSpecial(java.lang.Object, java.lang.Object, java.lang.Object, java.lang.Object, java.lang.Object, java.lang.Object, java.lang.Object, java.lang.Object, java.lang.Object, java.lang.Object, java.lang.Object, java.lang.Object, java.lang.Object)'> (0x000000074fbfdd98) 
thrown [s\open\src\hotspot\share\interpreter\linkResolver.cpp, line 759]
Event: 7.477 Thread 0x0000028b872b2060 Exception <a 'java/lang/NoSuchMethodError'{0x000000074f8024d8}: 'java.lang.Object java.lang.invoke.Invokers$Holder.linkToTargetMethod(java.lang.Object, java.lang.Object, java.lang.Object, java.lang.Object, java.lang.Object, java.lang.Object, java.lang.Object, java.lang.Object, java.lang.Object, java.lang.Object, java.lang.Object, java.lang.Object)'> (0x000000074f8024d8) 
thrown [s\open\src\hotspot\share\interpreter\linkResolver.cpp, line 759]
Event: 7.539 Thread 0x0000028b872b2060 Exception <a 'java/lang/IncompatibleClassChangeError'{0x0000000749815c88}: Found class java.lang.Object, but interface was expected> (0x0000000749815c88) 
thrown [s\open\src\hotspot\share\interpreter\linkResolver.cpp, line 826]
Event: 7.791 Thread 0x0000028b872b2060 Exception <a 'java/lang/IncompatibleClassChangeError'{0x0000000748f9abd8}: Found class java.lang.Object, but interface was expected> (0x0000000748f9abd8) 
thrown [s\open\src\hotspot\share\interpreter\linkResolver.cpp, line 826]
Event: 7.824 Thread 0x0000028b872b2060 Exception <a 'java/lang/IncompatibleClassChangeError'{0x0000000748d57968}: Found class java.lang.Object, but interface was expected> (0x0000000748d57968) 
thrown [s\open\src\hotspot\share\interpreter\linkResolver.cpp, line 826]
Event: 7.992 Thread 0x0000028b872b2060 Exception <a 'java/lang/reflect/InvocationTargetException'{0x00000007482e1510}> (0x00000007482e1510) 
thrown [s\open\src\hotspot\share\runtime\reflection.cpp, line 1121]
Event: 8.006 Thread 0x0000028b872b2060 Exception <a 'java/lang/IncompatibleClassChangeError'{0x00000007483a5ff0}: Found class java.lang.Object, but interface was expected> (0x00000007483a5ff0) 
thrown [s\open\src\hotspot\share\interpreter\linkResolver.cpp, line 826]
Event: 8.009 Thread 0x0000028b872b2060 Exception <a 'java/lang/reflect/InvocationTargetException'{0x00000007483be338}> (0x00000007483be338) 
thrown [s\open\src\hotspot\share\runtime\reflection.cpp, line 1121]
Event: 8.011 Thread 0x0000028b872b2060 Exception <a 'java/lang/reflect/InvocationTargetException'{0x00000007483cccc0}> (0x00000007483cccc0) 
thrown [s\open\src\hotspot\share\runtime\reflection.cpp, line 1121]
Event: 8.026 Thread 0x0000028b872b2060 Exception <a 'java/lang/IncompatibleClassChangeError'{0x000000074804fd48}: Found class java.lang.Object, but interface was expected> (0x000000074804fd48) 
thrown [s\open\src\hotspot\share\interpreter\linkResolver.cpp, line 826]

VM Operations (20 events):
Event: 7.915 Executing VM operation: HandshakeAllThreads done
Event: 7.915 Executing VM operation: HandshakeAllThreads
Event: 7.915 Executing VM operation: HandshakeAllThreads done
Event: 8.155 Executing VM operation: HandshakeAllThreads
Event: 8.155 Executing VM operation: HandshakeAllThreads done
Event: 8.158 Executing VM operation: HandshakeAllThreads
Event: 8.158 Executing VM operation: HandshakeAllThreads done
Event: 8.173 Executing VM operation: G1CollectForAllocation
Event: 8.178 Executing VM operation: G1CollectForAllocation done
Event: 8.201 Executing VM operation: G1Concurrent
Event: 8.206 Executing VM operation: G1Concurrent done
Event: 8.215 Executing VM operation: G1Concurrent
Event: 8.216 Executing VM operation: G1Concurrent done
Event: 8.230 Executing VM operation: HandshakeAllThreads
Event: 8.230 Executing VM operation: HandshakeAllThreads done
Event: 8.289 Executing VM operation: G1CollectForAllocation
Event: 8.296 Executing VM operation: G1CollectForAllocation done
Event: 8.348 Executing VM operation: G1CollectForAllocation
Event: 8.357 Executing VM operation: G1CollectForAllocation done
Event: 8.399 Executing VM operation: G1CollectForAllocation

Events (20 events):
Event: 7.861 loading class java/util/regex/Pattern$SliceS
Event: 7.861 loading class java/util/regex/Pattern$SliceS done
Event: 7.910 loading class java/lang/Package$1PackageInfoProxy
Event: 7.910 loading class java/lang/Package$1PackageInfoProxy done
Event: 8.021 loading class java/util/regex/Pattern$SliceU
Event: 8.021 loading class java/util/regex/Pattern$SliceU done
Event: 8.021 loading class java/util/regex/Pattern$Bound
Event: 8.021 loading class java/util/regex/Pattern$Bound done
Event: 8.023 loading class java/util/regex/Pattern$LookBehindEndNode
Event: 8.023 loading class java/util/regex/Pattern$LookBehindEndNode done
Event: 8.023 loading class java/util/regex/Pattern$NotBehind
Event: 8.024 loading class java/util/regex/Pattern$NotBehind done
Event: 8.024 loading class java/util/regex/Pattern$Behind
Event: 8.024 loading class java/util/regex/Pattern$Behind done
Event: 8.044 loading class java/util/EmptyStackException
Event: 8.044 loading class java/util/EmptyStackException done
Event: 8.144 loading class java/io/InvalidClassException
Event: 8.144 loading class java/io/InvalidClassException done
Event: 8.155 loading class java/util/ArrayList$ListItr
Event: 8.155 loading class java/util/ArrayList$ListItr done


Dynamic libraries:
0x00007ff6d2970000 - 0x00007ff6d2980000 	C:\Program Files\Java\jdk-17\bin\java.exe
0x00007ffef5000000 - 0x00007ffef5267000 	C:\WINDOWS\SYSTEM32\ntdll.dll
0x00007ffef42d0000 - 0x00007ffef4399000 	C:\WINDOWS\System32\KERNEL32.DLL
0x00007ffef1a10000 - 0x00007ffef1e01000 	C:\WINDOWS\System32\KERNELBASE.dll
0x00007ffef1f80000 - 0x00007ffef20cb000 	C:\WINDOWS\System32\ucrtbase.dll
0x00007ffeaf6f0000 - 0x00007ffeaf70b000 	C:\Program Files\Java\jdk-17\bin\VCRUNTIME140.dll
0x00007ffebe170000 - 0x00007ffebe189000 	C:\Program Files\Java\jdk-17\bin\jli.dll
0x00007ffef4680000 - 0x00007ffef473b000 	C:\WINDOWS\System32\ADVAPI32.dll
0x00007ffef3500000 - 0x00007ffef35a9000 	C:\WINDOWS\System32\msvcrt.dll
0x00007ffef4410000 - 0x00007ffef44b7000 	C:\WINDOWS\System32\sechost.dll
0x00007ffef47e0000 - 0x00007ffef48f8000 	C:\WINDOWS\System32\RPCRT4.dll
0x00007ffef3f50000 - 0x00007ffef4115000 	C:\WINDOWS\System32\USER32.dll
0x00007ffed9dd0000 - 0x00007ffeda063000 	C:\WINDOWS\WinSxS\amd64_microsoft.windows.common-controls_6595b64144ccf1df_6.0.26100.7922_none_3e089e1ee3342171\COMCTL32.dll
0x00007ffef4900000 - 0x00007ffef492b000 	C:\WINDOWS\System32\GDI32.dll
0x00007ffef1f50000 - 0x00007ffef1f77000 	C:\WINDOWS\System32\win32u.dll
0x00007ffef18e0000 - 0x00007ffef1a0a000 	C:\WINDOWS\System32\gdi32full.dll
0x00007ffedf1b0000 - 0x00007ffedf1bb000 	C:\WINDOWS\SYSTEM32\VERSION.dll
0x00007ffef2ac0000 - 0x00007ffef2b63000 	C:\WINDOWS\System32\msvcp_win.dll
0x00007ffef2e90000 - 0x00007ffef2ec1000 	C:\WINDOWS\System32\IMM32.DLL
0x00007ffeddfd0000 - 0x00007ffeddfdc000 	C:\Program Files\Java\jdk-17\bin\vcruntime140_1.dll
0x00007ffe4fb40000 - 0x00007ffe4fbce000 	C:\Program Files\Java\jdk-17\bin\msvcp140.dll
0x00007ffe42100000 - 0x00007ffe42ce1000 	C:\Program Files\Java\jdk-17\bin\server\jvm.dll
0x00007ffef35b0000 - 0x00007ffef35b8000 	C:\WINDOWS\System32\PSAPI.DLL
0x00007ffee7fc0000 - 0x00007ffee7ff5000 	C:\WINDOWS\SYSTEM32\WINMM.dll
0x00007ffedfbd0000 - 0x00007ffedfbda000 	C:\WINDOWS\SYSTEM32\WSOCK32.dll
0x00007ffef4f40000 - 0x00007ffef4fb4000 	C:\WINDOWS\System32\WS2_32.dll
0x00007ffef05b0000 - 0x00007ffef05cb000 	C:\WINDOWS\SYSTEM32\kernel.appcore.dll
0x00007ffed8150000 - 0x00007ffed815a000 	C:\Program Files\Java\jdk-17\bin\jimage.dll
0x00007ffeef190000 - 0x00007ffeef3d2000 	C:\WINDOWS\SYSTEM32\DBGHELP.DLL
0x00007ffef2fd0000 - 0x00007ffef3352000 	C:\WINDOWS\System32\combase.dll
0x00007ffef3360000 - 0x00007ffef3437000 	C:\WINDOWS\System32\OLEAUT32.dll
0x00007ffec52f0000 - 0x00007ffec532b000 	C:\WINDOWS\SYSTEM32\dbgcore.DLL
0x00007ffef1e10000 - 0x00007ffef1eb5000 	C:\WINDOWS\System32\bcryptPrimitives.dll
0x00007ffe78b90000 - 0x00007ffe78bb5000 	C:\Program Files\Java\jdk-17\bin\java.dll
0x00007ffe4fa60000 - 0x00007ffe4fb37000 	C:\Program Files\Java\jdk-17\bin\jsvml.dll
0x00007ffef35c0000 - 0x00007ffef3d1f000 	C:\WINDOWS\System32\SHELL32.dll
0x00007ffef2c30000 - 0x00007ffef2d9a000 	C:\WINDOWS\System32\wintypes.dll
0x00007ffef2250000 - 0x00007ffef2ab4000 	C:\WINDOWS\System32\windows.storage.dll
0x00007ffef4930000 - 0x00007ffef4a27000 	C:\WINDOWS\System32\SHCORE.dll
0x00007ffef43a0000 - 0x00007ffef4407000 	C:\WINDOWS\System32\shlwapi.dll
0x00007ffef1800000 - 0x00007ffef1829000 	C:\WINDOWS\SYSTEM32\profapi.dll
0x00007ffeaf540000 - 0x00007ffeaf559000 	C:\Program Files\Java\jdk-17\bin\net.dll
0x00007ffeeb800000 - 0x00007ffeeb927000 	C:\WINDOWS\SYSTEM32\WINHTTP.dll
0x00007ffef0be0000 - 0x00007ffef0c4b000 	C:\WINDOWS\system32\mswsock.dll
0x00007ffeab740000 - 0x00007ffeab756000 	C:\Program Files\Java\jdk-17\bin\nio.dll
0x00007ffeab6c0000 - 0x00007ffeab6d8000 	C:\Program Files\Java\jdk-17\bin\zip.dll
0x00007ffee1030000 - 0x00007ffee103e000 	C:\Program Files\Java\jdk-17\bin\sunmscapi.dll
0x00007ffef20d0000 - 0x00007ffef2247000 	C:\WINDOWS\System32\CRYPT32.dll
0x00007ffef10e0000 - 0x00007ffef1110000 	C:\WINDOWS\SYSTEM32\ncrypt.dll
0x00007ffef1090000 - 0x00007ffef10cf000 	C:\WINDOWS\SYSTEM32\NTASN1.dll
0x00007ffef0ec0000 - 0x00007ffef0edb000 	C:\WINDOWS\SYSTEM32\CRYPTSP.dll
0x00007ffef05f0000 - 0x00007ffef0629000 	C:\WINDOWS\system32\rsaenh.dll
0x00007ffef0c90000 - 0x00007ffef0cc2000 	C:\WINDOWS\SYSTEM32\USERENV.dll
0x00007ffef17d0000 - 0x00007ffef17fa000 	C:\WINDOWS\SYSTEM32\bcrypt.dll
0x00007ffef0ee0000 - 0x00007ffef0eec000 	C:\WINDOWS\SYSTEM32\CRYPTBASE.dll
0x00007ffeeffa0000 - 0x00007ffeeffd3000 	C:\WINDOWS\SYSTEM32\IPHLPAPI.DLL
0x00007ffef44c0000 - 0x00007ffef44ca000 	C:\WINDOWS\System32\NSI.dll
0x00007ffeee720000 - 0x00007ffeee73d000 	C:\WINDOWS\SYSTEM32\dhcpcsvc6.DLL
0x00007ffeee6f0000 - 0x00007ffeee713000 	C:\WINDOWS\SYSTEM32\dhcpcsvc.DLL
0x00007ffef0120000 - 0x00007ffef024a000 	C:\WINDOWS\SYSTEM32\DNSAPI.dll
0x00007ffee1020000 - 0x00007ffee102a000 	C:\Program Files\Java\jdk-17\bin\management.dll
0x00007ffee1010000 - 0x00007ffee101b000 	C:\Program Files\Java\jdk-17\bin\management_ext.dll
0x00007ffeeafa0000 - 0x00007ffeeafab000 	C:\Windows\System32\rasadhlp.dll
0x00007ffeee9d0000 - 0x00007ffeeea56000 	C:\WINDOWS\System32\fwpuclnt.dll

dbghelp: loaded successfully - version: 4.0.5 - missing functions: none
symbol engine: initialized successfully - sym options: 0x614 - pdb path: .;C:\Program Files\Java\jdk-17\bin;C:\WINDOWS\SYSTEM32;C:\WINDOWS\WinSxS\amd64_microsoft.windows.common-controls_6595b64144ccf1df_6.0.26100.7922_none_3e089e1ee3342171;C:\Program Files\Java\jdk-17\bin\server

VM Arguments:
jvm_args: -XX:TieredStopAtLevel=1 
java_command: com.pharmacy.auth_service.AuthServiceApplication
java_class_path (initial): C:\Users\phamh\OneDrive\Desktop\pharmacy-soa\service\auth-service\target\classes;C:\Users\phamh\.m2\repository\ch\qos\logback\logback-classic\1.5.22\logback-classic-1.5.22.jar;C:\Users\phamh\.m2\repository\ch\qos\logback\logback-core\1.5.22\logback-core-1.5.22.jar;C:\Users\phamh\.m2\repository\org\apache\logging\log4j\log4j-to-slf4j\2.25.3\log4j-to-slf4j-2.25.3.jar;C:\Users\phamh\.m2\repository\org\apache\logging\log4j\log4j-api\2.25.3\log4j-api-2.25.3.jar;C:\Users\phamh\.m2\repository\org\slf4j\jul-to-slf4j\2.0.17\jul-to-slf4j-2.0.17.jar;C:\Users\phamh\.m2\repository\org\springframework\boot\spring-boot-autoconfigure\4.0.1\spring-boot-autoconfigure-4.0.1.jar;C:\Users\phamh\.m2\repository\jakarta\annotation\jakarta.annotation-api\3.0.0\jakarta.annotation-api-3.0.0.jar;C:\Users\phamh\.m2\repository\org\yaml\snakeyaml\2.5\snakeyaml-2.5.jar;C:\Users\phamh\.m2\repository\com\zaxxer\HikariCP\7.0.2\HikariCP-7.0.2.jar;C:\Users\phamh\.m2\repository\org\slf4j\slf4j-api\2.0.17\slf4j-api-2.0.17.jar;C:\Users\phamh\.m2\repository\org\springframework\boot\spring-boot-data-jpa\4.0.1\spring-boot-data-jpa-4.0.1.jar;C:\Users\phamh\.m2\repository\org\springframework\boot\spring-boot-data-commons\4.0.1\spring-boot-data-commons-4.0.1.jar;C:\Users\phamh\.m2\repository\org\springframework\boot\spring-boot-persistence\4.0.1\spring-boot-persistence-4.0.1.jar;C:\Users\phamh\.m2\repository\org\springframework\data\spring-data-commons\4.0.1\spring-data-commons-4.0.1.jar;C:\Users\phamh\.m2\repository\org\springframework\boot\spring-boot-hibernate\4.0.1\spring-boot-hibernate-4.0.1.jar;C:\Users\phamh\.m2\repository\org\springframework\boot\spring-boot-jpa\4.0.1\spring-boot-jpa-4.0.1.jar;C:\Users\phamh\.m2\repository\jakarta\persistence\jakarta.persistence-api\3.2.0\jakarta.persistence-api-3.2.0.jar;C:\Users\phamh\.m2\repository\org\hibernate\orm\hibernate-core\7.2.0.Final\hibernate-core-7.2.0.Final.jar;C:\Users\phamh\.m2\repository\jakarta\transaction\jakarta.transact
Launcher Type: SUN_STANDARD

[Global flags]
     intx CICompilerCount                          = 4                                         {product} {ergonomic}
     uint ConcGCThreads                            = 2                                         {product} {ergonomic}
     uint G1ConcRefinementThreads                  = 8                                         {product} {ergonomic}
   size_t G1HeapRegionSize                         = 2097152                                   {product} {ergonomic}
    uintx GCDrainStackTargetSize                   = 64                                        {product} {ergonomic}
   size_t InitialHeapSize                          = 197132288                                 {product} {ergonomic}
   size_t MarkStackSize                            = 4194304                                   {product} {ergonomic}
   size_t MaxHeapSize                              = 3141533696                                {product} {ergonomic}
   size_t MaxNewSize                               = 1883242496                                {product} {ergonomic}
   size_t MinHeapDeltaBytes                        = 2097152                                   {product} {ergonomic}
   size_t MinHeapSize                              = 8388608                                   {product} {ergonomic}
    uintx NonProfiledCodeHeapSize                  = 0                                      {pd product} {ergonomic}
     bool ProfileInterpreter                       = false                                  {pd product} {command line}
    uintx ProfiledCodeHeapSize                     = 0                                      {pd product} {ergonomic}
   size_t SoftMaxHeapSize                          = 3141533696                             {manageable} {ergonomic}
     intx TieredStopAtLevel                        = 1                                         {product} {command line}
     bool UseCompressedClassPointers               = true                           {product lp64_product} {ergonomic}
     bool UseCompressedOops                        = true                           {product lp64_product} {ergonomic}
     bool UseG1GC                                  = true                                      {product} {ergonomic}
     bool UseLargePagesIndividualAllocation        = false                                  {pd product} {ergonomic}

Logging:
Log output configuration:
 #0: stdout all=warning uptime,level,tags
 #1: stderr all=off uptime,level,tags

Environment Variables:
JAVA_HOME=C:\Program Files\Java\jdk-17
PATH=C:\WINDOWS\system32;C:\WINDOWS;C:\WINDOWS\System32\Wbem;C:\WINDOWS\System32\WindowsPowerShell\v1.0\;C:\WINDOWS\System32\OpenSSH\;C:\Program Files (x86)\Microsoft SQL Server\160\Tools\Binn\;C:\Program Files\Microsoft SQL Server\160\Tools\Binn\;C:\Program Files\Microsoft SQL Server\Client SDK\ODBC\170\Tools\Binn\;C:\Program Files\Microsoft SQL Server\160\DTS\Binn\;C:\Program Files (x86)\Microsoft SQL Server\160\DTS\Binn\;C:\Program Files\Java\jdk-17\bin;C:\MinGW\bin;C:\Program Files\dotnet\;C:\Program Files\Git\cmd;C:\Program Files\Microsoft SQL Server\150\Tools\Binn\;C:\Program Files\Cloudflare\Cloudflare WARP\;C:\Users\phamh\AppData\Local\nvm;C:\nvm4w\nodejs;C:\Android\emulator;C:\Android\cmdline-tools\latest\bin;C:\Android\platform-tools;D:\apache-maven-3.9.11\bin;%KOTLIN_HOME%\bin;C:\Program Files\cursor\resources\app\bin;C:\Users\phamh\AppData\Local\Microsoft\WindowsApps;C:\Program Files\Azure Data Studio\bin;C:\Users\phamh\AppData\Local\Programs\Microsoft VS Code\bin;C:\Users\phamh\.dotnet\tools;D:\IntelliJ IDEA 2024.3.5\bin;D:\IntelliJ IDEA Community Edition 2024.3.5\bin;C:\Users\phamh\AppData\Local\nvm;C:\nvm4w\nodejs;C:\Users\phamh\Downloads\MyfansDownloader-main\MyfansDownloader-main\ffmpeg\ffmpeg-7.1.1-full_build\bin;C:\Users\phamh\AppData\Local\Microsoft\WindowsApps;C:\flutter_windows_3.35.3-stable\flutter\bin;C:\Users\phamh\AppData\Local\Programs\Antigravity\bin
USERNAME=phamh
OS=Windows_NT
PROCESSOR_IDENTIFIER=Intel64 Family 6 Model 140 Stepping 1, GenuineIntel



---------------  S Y S T E M  ---------------

OS:
 Windows 11 , 64 bit Build 26100 (10.0.26100.7920)
OS uptime: 0 days 1:37 hours
Hyper-V role detected

CPU: total 8 (initial active 8) (4 cores per cpu, 2 threads per core) family 6 model 140 stepping 1 microcode 0x86, cx8, cmov, fxsr, ht, mmx, 3dnowpref, sse, sse2, sse3, ssse3, sse4.1, sse4.2, popcnt, lzcnt, tsc, tscinvbit, avx, avx2, aes, erms, clmul, bmi1, bmi2, adx, avx512f, avx512dq, avx512cd, avx512bw, avx512vl, sha, fma, vzeroupper, avx512_vpopcntdq, avx512_vpclmulqdq, avx512_vaes, avx512_vnni, clflush, clflushopt, clwb, avx512_vbmi2, avx512_vbmi, hv

Memory: 4k page, system-wide physical 11982M (5054M free)
TotalPageFile size 24270M (AvailPageFile size 47M)
current process WorkingSet (physical memory assigned to process): 241M, peak: 241M
current process commit charge ("private bytes"): 279M, peak: 343M

vm_info: Java HotSpot(TM) 64-Bit Server VM (17.0.15+9-LTS-241) for windows-amd64 JRE (17.0.15+9-LTS-241), built on Feb 20 2025 10:49:54 by "mach5one" with MS VC++ 17.6 (VS2022)

END.
